// Jest Snapshot v1, https://goo.gl/fbAQLP

exports[`cdk-static-website: website-bucket snapshot 1`] = `
Object {
  "Resources": Object {
    "WebsiteBucket3C288C20": Object {
      "DeletionPolicy": "Retain",
      "Properties": Object {
        "BucketName": "testbucket",
        "WebsiteConfiguration": Object {
          "ErrorDocument": "error.html",
          "IndexDocument": "index.html",
        },
      },
      "Type": "AWS::S3::Bucket",
      "UpdateReplacePolicy": "Retain",
    },
    "WebsiteBucketOriginAccessIdentity717BE380": Object {
      "Properties": Object {
        "CloudFrontOriginAccessIdentityConfig": Object {
          "Comment": Object {
            "Fn::Join": Array [
              "",
              Array [
                "CloudFront OriginAccessIdentity for ",
                Object {
                  "Ref": "WebsiteBucket3C288C20",
                },
              ],
            ],
          },
        },
      },
      "Type": "AWS::CloudFront::CloudFrontOriginAccessIdentity",
    },
    "WebsiteBucketPolicy65FBF6CB": Object {
      "Properties": Object {
        "Bucket": Object {
          "Ref": "WebsiteBucket3C288C20",
        },
        "PolicyDocument": Object {
          "Statement": Array [
            Object {
              "Action": Array [
                "s3:GetObject*",
                "s3:GetBucket*",
                "s3:List*",
              ],
              "Effect": "Allow",
              "Principal": Object {
                "CanonicalUser": Object {
                  "Fn::GetAtt": Array [
                    "WebsiteBucketOriginAccessIdentity717BE380",
                    "S3CanonicalUserId",
                  ],
                },
              },
              "Resource": Array [
                Object {
                  "Fn::GetAtt": Array [
                    "WebsiteBucket3C288C20",
                    "Arn",
                  ],
                },
                Object {
                  "Fn::Join": Array [
                    "",
                    Array [
                      Object {
                        "Fn::GetAtt": Array [
                          "WebsiteBucket3C288C20",
                          "Arn",
                        ],
                      },
                      "/*",
                    ],
                  ],
                },
              ],
            },
          ],
          "Version": "2012-10-17",
        },
      },
      "Type": "AWS::S3::BucketPolicy",
    },
  },
}
`;
