// Jest Snapshot v1, https://goo.gl/fbAQLP

exports[`cdk-contentful-webhook snapshot 1`] = `
Object {
  "Parameters": Object {
    "AssetParameters69f1a6347d9ec8846b5238785f2600d4d4498066a39df6942b0b4b7416efa262ArtifactHash8EA4FF52": Object {
      "Description": "Artifact hash for asset \\"69f1a6347d9ec8846b5238785f2600d4d4498066a39df6942b0b4b7416efa262\\"",
      "Type": "String",
    },
    "AssetParameters69f1a6347d9ec8846b5238785f2600d4d4498066a39df6942b0b4b7416efa262S3Bucket18224C47": Object {
      "Description": "S3 bucket for asset \\"69f1a6347d9ec8846b5238785f2600d4d4498066a39df6942b0b4b7416efa262\\"",
      "Type": "String",
    },
    "AssetParameters69f1a6347d9ec8846b5238785f2600d4d4498066a39df6942b0b4b7416efa262S3VersionKeyED23AA03": Object {
      "Description": "S3 key for asset version \\"69f1a6347d9ec8846b5238785f2600d4d4498066a39df6942b0b4b7416efa262\\"",
      "Type": "String",
    },
  },
  "Resources": Object {
    "ContentfulWebhookCustomResourceFC4E1F73": Object {
      "DeletionPolicy": "Delete",
      "Properties": Object {
        "AccessToken": "<access_token>",
        "Name": "My webhook",
        "ServiceToken": Object {
          "Fn::GetAtt": Array [
            "CustomContentfulWebhook91f2075fb9504743a66bee0f6febf50d4005AAA1",
            "Arn",
          ],
        },
        "SpaceId": "<space_id>",
        "Topics": Array [
          "Entry.create",
          "ContentType.create",
          "*.publish",
          "Asset.*",
        ],
        "Url": "https://www.example.com/test",
      },
      "Type": "Custom::ContentfulWebhook",
      "UpdateReplacePolicy": "Delete",
    },
    "CustomContentfulWebhook91f2075fb9504743a66bee0f6febf50d4005AAA1": Object {
      "DependsOn": Array [
        "CustomContentfulWebhook91f2075fb9504743a66bee0f6febf50dServiceRole311F9EBA",
      ],
      "Properties": Object {
        "Code": Object {
          "S3Bucket": Object {
            "Ref": "AssetParameters69f1a6347d9ec8846b5238785f2600d4d4498066a39df6942b0b4b7416efa262S3Bucket18224C47",
          },
          "S3Key": Object {
            "Fn::Join": Array [
              "",
              Array [
                Object {
                  "Fn::Select": Array [
                    0,
                    Object {
                      "Fn::Split": Array [
                        "||",
                        Object {
                          "Ref": "AssetParameters69f1a6347d9ec8846b5238785f2600d4d4498066a39df6942b0b4b7416efa262S3VersionKeyED23AA03",
                        },
                      ],
                    },
                  ],
                },
                Object {
                  "Fn::Select": Array [
                    1,
                    Object {
                      "Fn::Split": Array [
                        "||",
                        Object {
                          "Ref": "AssetParameters69f1a6347d9ec8846b5238785f2600d4d4498066a39df6942b0b4b7416efa262S3VersionKeyED23AA03",
                        },
                      ],
                    },
                  ],
                },
              ],
            ],
          },
        },
        "Handler": "lib/contentful-webhook.handler",
        "Role": Object {
          "Fn::GetAtt": Array [
            "CustomContentfulWebhook91f2075fb9504743a66bee0f6febf50dServiceRole311F9EBA",
            "Arn",
          ],
        },
        "Runtime": "nodejs10.x",
        "Timeout": 900,
      },
      "Type": "AWS::Lambda::Function",
    },
    "CustomContentfulWebhook91f2075fb9504743a66bee0f6febf50dServiceRole311F9EBA": Object {
      "Properties": Object {
        "AssumeRolePolicyDocument": Object {
          "Statement": Array [
            Object {
              "Action": "sts:AssumeRole",
              "Effect": "Allow",
              "Principal": Object {
                "Service": "lambda.amazonaws.com",
              },
            },
          ],
          "Version": "2012-10-17",
        },
        "ManagedPolicyArns": Array [
          Object {
            "Fn::Join": Array [
              "",
              Array [
                "arn:",
                Object {
                  "Ref": "AWS::Partition",
                },
                ":iam::aws:policy/service-role/AWSLambdaBasicExecutionRole",
              ],
            ],
          },
        ],
      },
      "Type": "AWS::IAM::Role",
    },
  },
}
`;
