// Jest Snapshot v1, https://goo.gl/fbAQLP

exports[`default setup 1`] = `
Object {
  "Parameters": Object {
    "AssetParameters42f0c22c820374e244ef664337eb3d003fbe5ae42e3d8b3a178de2582782914eArtifactHashC7635B5D": Object {
      "Description": "Artifact hash for asset \\"42f0c22c820374e244ef664337eb3d003fbe5ae42e3d8b3a178de2582782914e\\"",
      "Type": "String",
    },
    "AssetParameters42f0c22c820374e244ef664337eb3d003fbe5ae42e3d8b3a178de2582782914eS3Bucket7DB2401C": Object {
      "Description": "S3 bucket for asset \\"42f0c22c820374e244ef664337eb3d003fbe5ae42e3d8b3a178de2582782914e\\"",
      "Type": "String",
    },
    "AssetParameters42f0c22c820374e244ef664337eb3d003fbe5ae42e3d8b3a178de2582782914eS3VersionKey1B824975": Object {
      "Description": "S3 key for asset version \\"42f0c22c820374e244ef664337eb3d003fbe5ae42e3d8b3a178de2582782914e\\"",
      "Type": "String",
    },
  },
  "Resources": Object {
    "ApprovalRuleTemplateCustomResource80C1F447": Object {
      "DeletionPolicy": "Delete",
      "Properties": Object {
        "ApprovalRuleTemplateName": "name",
        "ServiceToken": Object {
          "Fn::GetAtt": Array [
            "CustomApprovalRuleTemplateCustomResourceProviderHandlerF71B1878",
            "Arn",
          ],
        },
        "Template": Object {
          "Approvers": Object {
            "NumberOfApprovalsNeeded": 2,
          },
        },
      },
      "Type": "Custom::ApprovalRuleTemplate",
      "UpdateReplacePolicy": "Delete",
    },
    "CustomApprovalRuleTemplateCustomResourceProviderHandlerF71B1878": Object {
      "DependsOn": Array [
        "CustomApprovalRuleTemplateCustomResourceProviderRoleBFA17D2F",
      ],
      "Properties": Object {
        "Code": Object {
          "S3Bucket": Object {
            "Ref": "AssetParameters42f0c22c820374e244ef664337eb3d003fbe5ae42e3d8b3a178de2582782914eS3Bucket7DB2401C",
          },
          "S3Key": Object {
            "Fn::Join": Array [
              "",
              Array [
                Object {
                  "Fn::Select": Array [
                    0,
                    Object {
                      "Fn::Split": Array [
                        "||",
                        Object {
                          "Ref": "AssetParameters42f0c22c820374e244ef664337eb3d003fbe5ae42e3d8b3a178de2582782914eS3VersionKey1B824975",
                        },
                      ],
                    },
                  ],
                },
                Object {
                  "Fn::Select": Array [
                    1,
                    Object {
                      "Fn::Split": Array [
                        "||",
                        Object {
                          "Ref": "AssetParameters42f0c22c820374e244ef664337eb3d003fbe5ae42e3d8b3a178de2582782914eS3VersionKey1B824975",
                        },
                      ],
                    },
                  ],
                },
              ],
            ],
          },
        },
        "Handler": "__entrypoint__.handler",
        "MemorySize": 128,
        "Role": Object {
          "Fn::GetAtt": Array [
            "CustomApprovalRuleTemplateCustomResourceProviderRoleBFA17D2F",
            "Arn",
          ],
        },
        "Runtime": "nodejs12.x",
        "Timeout": 900,
      },
      "Type": "AWS::Lambda::Function",
    },
    "CustomApprovalRuleTemplateCustomResourceProviderRoleBFA17D2F": Object {
      "Properties": Object {
        "AssumeRolePolicyDocument": Object {
          "Statement": Array [
            Object {
              "Action": "sts:AssumeRole",
              "Effect": "Allow",
              "Principal": Object {
                "Service": "lambda.amazonaws.com",
              },
            },
          ],
          "Version": "2012-10-17",
        },
        "ManagedPolicyArns": Array [
          Object {
            "Fn::Sub": "arn:\${AWS::Partition}:iam::aws:policy/service-role/AWSLambdaBasicExecutionRole",
          },
        ],
        "Policies": Array [
          Object {
            "PolicyDocument": Object {
              "Statement": Array [
                Object {
                  "Action": Array [
                    "codecommit:CreateApprovalRuleTemplate",
                    "codecommit:DeleteApprovalRuleTemplate",
                    "codecommit:GetApprovalRuleTemplate",
                    "codecommit:UpdateApprovalRuleTemplateContent",
                    "codecommit:UpdateApprovalRuleTemplateDescription",
                    "codecommit:UpdateApprovalRuleTemplateName",
                  ],
                  "Effect": "Allow",
                  "Resource": "*",
                },
              ],
              "Version": "2012-10-17",
            },
            "PolicyName": "Inline",
          },
        ],
      },
      "Type": "AWS::IAM::Role",
    },
  },
}
`;
