// Jest Snapshot v1, https://goo.gl/fbAQLP

exports[`repository notification rule 1`] = `
Object {
  "Resources": Object {
    "Repository22E53BBD": Object {
      "Properties": Object {
        "RepositoryName": "repository-name",
      },
      "Type": "AWS::CodeCommit::Repository",
    },
    "RepositoryNotificationRuleE1AD5FA4": Object {
      "Properties": Object {
        "DetailType": "FULL",
        "EventTypeIds": Array [
          "codecommit-repository-pull-request-created",
          "codecommit-repository-approvals-status-changed",
        ],
        "Name": "repository",
        "Resource": Object {
          "Fn::GetAtt": Array [
            "Repository22E53BBD",
            "Arn",
          ],
        },
        "Status": "ENABLED",
        "Targets": Array [
          Object {
            "TargetAddress": Object {
              "Ref": "SlackChannelConfiguration9AFE1994",
            },
            "TargetType": "AWSChatbotSlack",
          },
          Object {
            "TargetAddress": Object {
              "Ref": "TopicBFC7AF6E",
            },
            "TargetType": "SNS",
          },
        ],
      },
      "Type": "AWS::CodeStarNotifications::NotificationRule",
    },
    "SlackChannelConfiguration9AFE1994": Object {
      "Properties": Object {
        "ConfigurationName": "name",
        "IamRoleArn": Object {
          "Fn::GetAtt": Array [
            "SlackChannelConfigurationServiceRole517C6CD4",
            "Arn",
          ],
        },
        "LoggingLevel": "NONE",
        "SlackChannelId": "channelId",
        "SlackWorkspaceId": "workspaceId",
      },
      "Type": "AWS::Chatbot::SlackChannelConfiguration",
    },
    "SlackChannelConfigurationServiceRole517C6CD4": Object {
      "Properties": Object {
        "AssumeRolePolicyDocument": Object {
          "Statement": Array [
            Object {
              "Action": "sts:AssumeRole",
              "Effect": "Allow",
              "Principal": Object {
                "Service": "chatbot.amazonaws.com",
              },
            },
          ],
          "Version": "2012-10-17",
        },
      },
      "Type": "AWS::IAM::Role",
    },
    "TopicBFC7AF6E": Object {
      "Type": "AWS::SNS::Topic",
    },
  },
}
`;
